// Jest Snapshot v1, https://goo.gl/fbAQLP

exports[`Tones should match snapshot 1`] = `
ShallowWrapper {
  "length": 1,
  Symbol(enzyme.__root__): [Circular],
  Symbol(enzyme.__unrendered__): <Unknown />,
  Symbol(enzyme.__renderer__): Object {
    "batchedUpdates": [Function],
    "getNode": [Function],
    "render": [Function],
    "simulateEvent": [Function],
    "unmount": [Function],
  },
  Symbol(enzyme.__node__): Object {
    "instance": null,
    "key": undefined,
    "nodeType": "host",
    "props": Object {
      "children": <div
        className="tones-wrapper"
>
        <Unknown
                description="analytical is a tone which is productive in  an dbblah blah"
                tone_id="analytical"
                tone_name="Analytical"
        />
        <Unknown
                description="positive is a tone which is  in negotionatinos an dbblah blah"
                tone_id="positive"
                tone_name="Positive"
        />
        <Unknown
                description="confident is a tone which is  in  an dbblah blah"
                tone_id="confident"
                tone_name="Confident"
        />
        <Unknown
                description="tentative is a tone which is in negotionatinos an dbblah blah"
                tone_id="tentative"
                tone_name="Tentative"
        />
        <Unknown
                description="fear is a tone which is  i an dbblah blah"
                tone_id="fear"
                tone_name="Fear"
        />
        <Unknown
                description="sadness is a tone which is in an dbblah blah"
                tone_id="sadness"
                tone_name="Sadness"
        />
        <Unknown
                description="anger is a tone which is  in negotionatinos an dbblah blah"
                tone_id="anger"
                tone_name="Anger"
        />
        <Unknown
                description="A neutral tone has no strong tones associated with it"
                tone_id="neutral"
                tone_name="Neutral"
        />
        <Unknown
                description="A disgusted tone has no tones associated with it"
                tone_id="disgust"
                tone_name="Disgust"
        />
</div>,
      "className": "tones-section",
    },
    "ref": null,
    "rendered": Object {
      "instance": null,
      "key": undefined,
      "nodeType": "host",
      "props": Object {
        "children": Array [
          <Unknown
            description="analytical is a tone which is productive in  an dbblah blah"
            tone_id="analytical"
            tone_name="Analytical"
/>,
          <Unknown
            description="positive is a tone which is  in negotionatinos an dbblah blah"
            tone_id="positive"
            tone_name="Positive"
/>,
          <Unknown
            description="confident is a tone which is  in  an dbblah blah"
            tone_id="confident"
            tone_name="Confident"
/>,
          <Unknown
            description="tentative is a tone which is in negotionatinos an dbblah blah"
            tone_id="tentative"
            tone_name="Tentative"
/>,
          <Unknown
            description="fear is a tone which is  i an dbblah blah"
            tone_id="fear"
            tone_name="Fear"
/>,
          <Unknown
            description="sadness is a tone which is in an dbblah blah"
            tone_id="sadness"
            tone_name="Sadness"
/>,
          <Unknown
            description="anger is a tone which is  in negotionatinos an dbblah blah"
            tone_id="anger"
            tone_name="Anger"
/>,
          <Unknown
            description="A neutral tone has no strong tones associated with it"
            tone_id="neutral"
            tone_name="Neutral"
/>,
          <Unknown
            description="A disgusted tone has no tones associated with it"
            tone_id="disgust"
            tone_name="Disgust"
/>,
        ],
        "className": "tones-wrapper",
      },
      "ref": null,
      "rendered": Array [
        Object {
          "instance": null,
          "key": "Analyticalcard",
          "nodeType": "function",
          "props": Object {
            "description": "analytical is a tone which is productive in  an dbblah blah",
            "tone_id": "analytical",
            "tone_name": "Analytical",
          },
          "ref": null,
          "rendered": null,
          "type": [Function],
        },
        Object {
          "instance": null,
          "key": "Positivecard",
          "nodeType": "function",
          "props": Object {
            "description": "positive is a tone which is  in negotionatinos an dbblah blah",
            "tone_id": "positive",
            "tone_name": "Positive",
          },
          "ref": null,
          "rendered": null,
          "type": [Function],
        },
        Object {
          "instance": null,
          "key": "Confidentcard",
          "nodeType": "function",
          "props": Object {
            "description": "confident is a tone which is  in  an dbblah blah",
            "tone_id": "confident",
            "tone_name": "Confident",
          },
          "ref": null,
          "rendered": null,
          "type": [Function],
        },
        Object {
          "instance": null,
          "key": "Tentativecard",
          "nodeType": "function",
          "props": Object {
            "description": "tentative is a tone which is in negotionatinos an dbblah blah",
            "tone_id": "tentative",
            "tone_name": "Tentative",
          },
          "ref": null,
          "rendered": null,
          "type": [Function],
        },
        Object {
          "instance": null,
          "key": "Fearcard",
          "nodeType": "function",
          "props": Object {
            "description": "fear is a tone which is  i an dbblah blah",
            "tone_id": "fear",
            "tone_name": "Fear",
          },
          "ref": null,
          "rendered": null,
          "type": [Function],
        },
        Object {
          "instance": null,
          "key": "Sadnesscard",
          "nodeType": "function",
          "props": Object {
            "description": "sadness is a tone which is in an dbblah blah",
            "tone_id": "sadness",
            "tone_name": "Sadness",
          },
          "ref": null,
          "rendered": null,
          "type": [Function],
        },
        Object {
          "instance": null,
          "key": "Angercard",
          "nodeType": "function",
          "props": Object {
            "description": "anger is a tone which is  in negotionatinos an dbblah blah",
            "tone_id": "anger",
            "tone_name": "Anger",
          },
          "ref": null,
          "rendered": null,
          "type": [Function],
        },
        Object {
          "instance": null,
          "key": "Neutralcard",
          "nodeType": "function",
          "props": Object {
            "description": "A neutral tone has no strong tones associated with it",
            "tone_id": "neutral",
            "tone_name": "Neutral",
          },
          "ref": null,
          "rendered": null,
          "type": [Function],
        },
        Object {
          "instance": null,
          "key": "Disgustcard",
          "nodeType": "function",
          "props": Object {
            "description": "A disgusted tone has no tones associated with it",
            "tone_id": "disgust",
            "tone_name": "Disgust",
          },
          "ref": null,
          "rendered": null,
          "type": [Function],
        },
      ],
      "type": "div",
    },
    "type": "div",
  },
  Symbol(enzyme.__nodes__): Array [
    Object {
      "instance": null,
      "key": undefined,
      "nodeType": "host",
      "props": Object {
        "children": <div
          className="tones-wrapper"
>
          <Unknown
                    description="analytical is a tone which is productive in  an dbblah blah"
                    tone_id="analytical"
                    tone_name="Analytical"
          />
          <Unknown
                    description="positive is a tone which is  in negotionatinos an dbblah blah"
                    tone_id="positive"
                    tone_name="Positive"
          />
          <Unknown
                    description="confident is a tone which is  in  an dbblah blah"
                    tone_id="confident"
                    tone_name="Confident"
          />
          <Unknown
                    description="tentative is a tone which is in negotionatinos an dbblah blah"
                    tone_id="tentative"
                    tone_name="Tentative"
          />
          <Unknown
                    description="fear is a tone which is  i an dbblah blah"
                    tone_id="fear"
                    tone_name="Fear"
          />
          <Unknown
                    description="sadness is a tone which is in an dbblah blah"
                    tone_id="sadness"
                    tone_name="Sadness"
          />
          <Unknown
                    description="anger is a tone which is  in negotionatinos an dbblah blah"
                    tone_id="anger"
                    tone_name="Anger"
          />
          <Unknown
                    description="A neutral tone has no strong tones associated with it"
                    tone_id="neutral"
                    tone_name="Neutral"
          />
          <Unknown
                    description="A disgusted tone has no tones associated with it"
                    tone_id="disgust"
                    tone_name="Disgust"
          />
</div>,
        "className": "tones-section",
      },
      "ref": null,
      "rendered": Object {
        "instance": null,
        "key": undefined,
        "nodeType": "host",
        "props": Object {
          "children": Array [
            <Unknown
              description="analytical is a tone which is productive in  an dbblah blah"
              tone_id="analytical"
              tone_name="Analytical"
/>,
            <Unknown
              description="positive is a tone which is  in negotionatinos an dbblah blah"
              tone_id="positive"
              tone_name="Positive"
/>,
            <Unknown
              description="confident is a tone which is  in  an dbblah blah"
              tone_id="confident"
              tone_name="Confident"
/>,
            <Unknown
              description="tentative is a tone which is in negotionatinos an dbblah blah"
              tone_id="tentative"
              tone_name="Tentative"
/>,
            <Unknown
              description="fear is a tone which is  i an dbblah blah"
              tone_id="fear"
              tone_name="Fear"
/>,
            <Unknown
              description="sadness is a tone which is in an dbblah blah"
              tone_id="sadness"
              tone_name="Sadness"
/>,
            <Unknown
              description="anger is a tone which is  in negotionatinos an dbblah blah"
              tone_id="anger"
              tone_name="Anger"
/>,
            <Unknown
              description="A neutral tone has no strong tones associated with it"
              tone_id="neutral"
              tone_name="Neutral"
/>,
            <Unknown
              description="A disgusted tone has no tones associated with it"
              tone_id="disgust"
              tone_name="Disgust"
/>,
          ],
          "className": "tones-wrapper",
        },
        "ref": null,
        "rendered": Array [
          Object {
            "instance": null,
            "key": "Analyticalcard",
            "nodeType": "function",
            "props": Object {
              "description": "analytical is a tone which is productive in  an dbblah blah",
              "tone_id": "analytical",
              "tone_name": "Analytical",
            },
            "ref": null,
            "rendered": null,
            "type": [Function],
          },
          Object {
            "instance": null,
            "key": "Positivecard",
            "nodeType": "function",
            "props": Object {
              "description": "positive is a tone which is  in negotionatinos an dbblah blah",
              "tone_id": "positive",
              "tone_name": "Positive",
            },
            "ref": null,
            "rendered": null,
            "type": [Function],
          },
          Object {
            "instance": null,
            "key": "Confidentcard",
            "nodeType": "function",
            "props": Object {
              "description": "confident is a tone which is  in  an dbblah blah",
              "tone_id": "confident",
              "tone_name": "Confident",
            },
            "ref": null,
            "rendered": null,
            "type": [Function],
          },
          Object {
            "instance": null,
            "key": "Tentativecard",
            "nodeType": "function",
            "props": Object {
              "description": "tentative is a tone which is in negotionatinos an dbblah blah",
              "tone_id": "tentative",
              "tone_name": "Tentative",
            },
            "ref": null,
            "rendered": null,
            "type": [Function],
          },
          Object {
            "instance": null,
            "key": "Fearcard",
            "nodeType": "function",
            "props": Object {
              "description": "fear is a tone which is  i an dbblah blah",
              "tone_id": "fear",
              "tone_name": "Fear",
            },
            "ref": null,
            "rendered": null,
            "type": [Function],
          },
          Object {
            "instance": null,
            "key": "Sadnesscard",
            "nodeType": "function",
            "props": Object {
              "description": "sadness is a tone which is in an dbblah blah",
              "tone_id": "sadness",
              "tone_name": "Sadness",
            },
            "ref": null,
            "rendered": null,
            "type": [Function],
          },
          Object {
            "instance": null,
            "key": "Angercard",
            "nodeType": "function",
            "props": Object {
              "description": "anger is a tone which is  in negotionatinos an dbblah blah",
              "tone_id": "anger",
              "tone_name": "Anger",
            },
            "ref": null,
            "rendered": null,
            "type": [Function],
          },
          Object {
            "instance": null,
            "key": "Neutralcard",
            "nodeType": "function",
            "props": Object {
              "description": "A neutral tone has no strong tones associated with it",
              "tone_id": "neutral",
              "tone_name": "Neutral",
            },
            "ref": null,
            "rendered": null,
            "type": [Function],
          },
          Object {
            "instance": null,
            "key": "Disgustcard",
            "nodeType": "function",
            "props": Object {
              "description": "A disgusted tone has no tones associated with it",
              "tone_id": "disgust",
              "tone_name": "Disgust",
            },
            "ref": null,
            "rendered": null,
            "type": [Function],
          },
        ],
        "type": "div",
      },
      "type": "div",
    },
  ],
  Symbol(enzyme.__options__): Object {
    "adapter": ReactSixteenAdapter {
      "options": Object {
        "enableComponentDidUpdateOnSetState": true,
      },
    },
  },
}
`;
